group=dist/sad_04x04 benchmark=native_simd  |  vs_base=baseline  |  min=37.05µs mean=101.95µs median=105.59µs mad=14.04µs  |  throughput=642.80 Mpx/s  |  n=200 cv=23.0% rounds=200 calls=26 mean_ci=[98.66µs 105.12µs] cold=34.58µs
group=dist/sad_04x04 benchmark=forced_scalar  |  vs_base_pct=+0.95 ci=[+0.19% +1.71%] significant=false effect=0.04 p=0.0198  |  min=35.45µs mean=102.31µs median=108.07µs mad=11.61µs  |  throughput=640.56 Mpx/s  |  n=200 cv=22.4% rounds=200 calls=26 mean_ci=[99.11µs 105.34µs] cold=42.12µs
group=dist/sse_04x04 benchmark=native_simd  |  vs_base=baseline  |  min=35.40µs mean=111.70µs median=115.10µs mad=11.42µs  |  throughput=586.72 Mpx/s  |  n=200 cv=18.8% rounds=200 calls=26 mean_ci=[108.84µs 114.58µs] cold=39.67µs
group=dist/sse_04x04 benchmark=forced_scalar  |  vs_base_pct=+0.44 ci=[-0.49% +1.38%] significant=false effect=0.02 p=0.5544  |  min=36.14µs mean=111.90µs median=115.63µs mad=13.38µs  |  throughput=585.65 Mpx/s  |  n=200 cv=19.3% rounds=200 calls=26 mean_ci=[108.92µs 114.80µs] cold=39.54µs
group=dist/highbd_sse_04x04 benchmark=native_simd  |  vs_base=baseline  |  min=48.23µs mean=119.81µs median=120.37µs mad=12.47µs  |  throughput=546.98 Mpx/s  |  n=200 cv=16.6% rounds=200 calls=26 mean_ci=[117.02µs 122.55µs] cold=36.62µs
group=dist/highbd_sse_04x04 benchmark=forced_scalar  |  vs_base_pct=+0.13 ci=[-0.81% +1.08%] significant=false effect=0.01 p=0.8655  |  min=47.22µs mean=119.43µs median=118.51µs mad=13.71µs  |  throughput=548.74 Mpx/s  |  n=200 cv=16.0% rounds=200 calls=26 mean_ci=[116.78µs 122.06µs] cold=35.38µs
group=dist/sad_08x08 benchmark=native_simd  |  vs_base=baseline  |  min=28.45µs mean=92.12µs median=94.89µs mad=11.50µs  |  throughput=711.41 Mpx/s  |  n=200 cv=19.1% rounds=200 calls=33 mean_ci=[89.66µs 94.47µs] cold=30.71µs
group=dist/sad_08x08 benchmark=forced_scalar  |  vs_base_pct=+0.39 ci=[-0.62% +1.37%] significant=false effect=0.02 p=0.4277  |  min=28.32µs mean=92.43µs median=95.55µs mad=10.10µs  |  throughput=709.05 Mpx/s  |  n=200 cv=19.3% rounds=200 calls=33 mean_ci=[90.02µs 94.83µs] cold=30.71µs
group=dist/sse_08x08 benchmark=native_simd  |  vs_base=baseline  |  min=33.63µs mean=98.20µs median=98.94µs mad=9.80µs  |  throughput=667.39 Mpx/s  |  n=200 cv=14.9% rounds=200 calls=38 mean_ci=[96.16µs 100.22µs] cold=24.33µs
group=dist/sse_08x08 benchmark=forced_scalar  |  vs_base_pct=+0.39 ci=[-0.97% +1.73%] significant=false effect=0.03 p=0.3803  |  min=33.55µs mean=98.44µs median=100.01µs mad=11.41µs  |  throughput=665.74 Mpx/s  |  n=200 cv=14.5% rounds=200 calls=38 mean_ci=[96.40µs 100.43µs] cold=26.42µs
group=dist/highbd_sse_08x08 benchmark=native_simd  |  vs_base=baseline  |  min=33.87µs mean=104.95µs median=108.22µs mad=12.37µs  |  throughput=624.45 Mpx/s  |  n=200 cv=18.9% rounds=200 calls=32 mean_ci=[102.11µs 107.58µs] cold=31.42µs
group=dist/highbd_sse_08x08 benchmark=forced_scalar  |  vs_base_pct=+0.24 ci=[-1.07% +1.54%] significant=false effect=0.01 p=0.5625  |  min=32.45µs mean=105.73µs median=108.83µs mad=11.57µs  |  throughput=619.83 Mpx/s  |  n=200 cv=18.6% rounds=200 calls=32 mean_ci=[102.96µs 108.40µs] cold=31.88µs
group=dist/sad_16x16 benchmark=native_simd  |  vs_base=baseline  |  min=29.66µs mean=82.27µs median=82.68µs mad=8.64µs  |  throughput=796.56 Mpx/s  |  n=200 cv=17.5% rounds=200 calls=35 mean_ci=[80.27µs 84.24µs] cold=29.83µs
group=dist/sad_16x16 benchmark=forced_scalar  |  vs_base_pct=+0.91 ci=[+0.09% +1.73%] significant=false effect=0.05 p=0.0310  |  min=28.95µs mean=83.21µs median=85.77µs mad=8.26µs  |  throughput=787.57 Mpx/s  |  n=200 cv=18.0% rounds=200 calls=35 mean_ci=[81.10µs 85.27µs] cold=29.83µs
group=dist/sse_16x16 benchmark=native_simd  |  vs_base=baseline  |  min=30.48µs mean=80.28µs median=81.93µs mad=11.05µs  |  throughput=816.36 Mpx/s  |  n=200 cv=16.9% rounds=200 calls=43 mean_ci=[78.38µs 82.16µs] cold=23.79µs
group=dist/sse_16x16 benchmark=forced_scalar  |  vs_base_pct=+0.83 ci=[-0.43% +2.07%] significant=false effect=0.05 p=0.1872  |  min=30.29µs mean=80.33µs median=82.06µs mad=9.14µs  |  throughput=815.86 Mpx/s  |  n=200 cv=17.1% rounds=200 calls=43 mean_ci=[78.35µs 82.23µs] cold=23.75µs
group=dist/highbd_sse_16x16 benchmark=native_simd  |  vs_base=baseline  |  min=31.18µs mean=90.31µs median=91.09µs mad=11.70µs  |  throughput=725.69 Mpx/s  |  n=200 cv=14.9% rounds=200 calls=35 mean_ci=[88.43µs 92.15µs] cold=30.00µs
group=dist/highbd_sse_16x16 benchmark=forced_scalar  |  vs_base_pct=+0.06 ci=[-0.98% +1.11%] significant=false effect=0.00 p=0.9059  |  min=31.86µs mean=90.82µs median=90.86µs mad=10.75µs  |  throughput=721.62 Mpx/s  |  n=200 cv=16.0% rounds=200 calls=35 mean_ci=[88.85µs 92.81µs] cold=29.92µs
group=dist/sad_32x32 benchmark=native_simd  |  vs_base=baseline  |  min=24.60µs mean=75.71µs median=74.46µs mad=10.53µs  |  throughput=865.61 Mpx/s  |  n=200 cv=20.5% rounds=200 calls=38 mean_ci=[73.65µs 77.85µs] cold=23.79µs
group=dist/sad_32x32 benchmark=forced_scalar  |  vs_base_pct=-0.08 ci=[-0.92% +0.76%] significant=false effect=-0.00 p=0.8452  |  min=24.23µs mean=75.09µs median=74.86µs mad=10.85µs  |  throughput=872.81 Mpx/s  |  n=200 cv=19.9% rounds=200 calls=38 mean_ci=[73.10µs 77.13µs] cold=26.58µs
group=dist/sse_32x32 benchmark=native_simd  |  vs_base=baseline  |  min=21.28µs mean=70.16µs median=74.64µs mad=13.99µs  |  throughput=934.08 Mpx/s  |  n=200 cv=24.4% rounds=200 calls=38 mean_ci=[67.75µs 72.45µs] cold=27.04µs
group=dist/sse_32x32 benchmark=forced_scalar  |  vs_base_pct=-0.31 ci=[-1.08% +0.46%] significant=false effect=-0.01 p=0.3936  |  min=22.02µs mean=70.91µs median=73.74µs mad=15.62µs  |  throughput=924.23 Mpx/s  |  n=200 cv=25.3% rounds=200 calls=38 mean_ci=[68.44µs 73.31µs] cold=27.08µs
group=dist/highbd_sse_32x32 benchmark=native_simd  |  vs_base=baseline  |  min=17.74µs mean=46.27µs median=50.01µs mad=2.82µs  |  throughput=1.42 Gpx/s  |  n=130 cv=16.3% rounds=130 calls=53 mean_ci=[44.93µs 47.50µs] cold=19.25µs
group=dist/highbd_sse_32x32 benchmark=forced_scalar  |  vs_base_pct=+0.18 ci=[-0.19% +0.57%] significant=false effect=0.01 p=0.6964  |  min=17.67µs mean=46.23µs median=50.05µs mad=3.03µs  |  throughput=1.42 Gpx/s  |  n=130 cv=16.7% rounds=130 calls=53 mean_ci=[44.88µs 47.49µs] cold=19.21µs
group=dist/sad_64x64 benchmark=native_simd  |  vs_base=baseline  |  min=16.85µs mean=36.67µs median=38.51µs mad=1.77µs  |  throughput=1.79 Gpx/s  |  n=100 cv=11.0% rounds=100 calls=68 mean_ci=[35.85µs 37.44µs] cold=13.79µs
group=dist/sad_64x64 benchmark=forced_scalar  |  vs_base_pct=+1.23 ci=[+0.58% +1.91%] significant=false effect=0.11 p=0.0014  |  min=16.83µs mean=37.16µs median=38.68µs mad=1.82µs  |  throughput=1.76 Gpx/s  |  n=100 cv=11.8% rounds=100 calls=68 mean_ci=[36.28µs 38.00µs] cold=13.79µs
group=dist/sse_64x64 benchmark=native_simd  |  vs_base=baseline  |  min=16.81µs mean=36.92µs median=38.46µs mad=4.06µs  |  throughput=1.78 Gpx/s  |  n=130 cv=14.6% rounds=130 calls=71 mean_ci=[35.98µs 37.82µs] cold=12.83µs
group=dist/sse_64x64 benchmark=forced_scalar  |  vs_base_pct=-0.13 ci=[-0.56% +0.28%] significant=false effect=-0.01 p=0.4711  |  min=16.66µs mean=36.92µs median=38.64µs mad=3.95µs  |  throughput=1.78 Gpx/s  |  n=130 cv=15.1% rounds=130 calls=71 mean_ci=[35.94µs 37.85µs] cold=14.50µs
group=dist/highbd_sse_64x64 benchmark=native_simd  |  vs_base=baseline  |  min=13.12µs mean=28.23µs median=29.88µs mad=3.67µs  |  throughput=2.32 Gpx/s  |  n=100 cv=15.0% rounds=100 calls=89 mean_ci=[27.39µs 29.03µs] cold=10.00µs
group=dist/highbd_sse_64x64 benchmark=forced_scalar  |  vs_base_pct=-0.03 ci=[-0.27% +0.21%] significant=false effect=-0.00 p=0.9627  |  min=13.13µs mean=28.30µs median=29.88µs mad=3.20µs  |  throughput=2.32 Gpx/s  |  n=100 cv=15.2% rounds=100 calls=89 mean_ci=[27.45µs 29.12µs] cold=10.04µs
