group=fwd_txfm/04x04_dct benchmark=native_simd  |  vs_base=baseline  |  min=249.22µs mean=489.09µs median=469.98µs mad=61.72µs  |  throughput=133.99 Mpx/s  |  n=200 cv=22.5% rounds=200 calls=19 mean_ci=[474.69µs 504.76µs] cold=251.58µs
group=fwd_txfm/04x04_dct benchmark=forced_scalar  |  vs_base_pct=+0.59 ci=[-1.88% +3.02%] significant=false effect=0.04 p=0.7526  |  min=252.19µs mean=483.99µs median=472.29µs mad=64.86µs  |  throughput=135.41 Mpx/s  |  n=200 cv=19.2% rounds=200 calls=19 mean_ci=[471.93µs 497.29µs] cold=249.25µs
group=fwd_txfm/04x04_adst benchmark=native_simd  |  vs_base=baseline  |  min=263.16µs mean=501.28µs median=487.13µs mad=59.72µs  |  throughput=130.74 Mpx/s  |  n=200 cv=18.3% rounds=200 calls=18 mean_ci=[489.41µs 514.64µs] cold=276.88µs
group=fwd_txfm/04x04_adst benchmark=forced_scalar  |  vs_base_pct=+0.13 ci=[-2.04% +2.29%] significant=false effect=0.01 p=0.9490  |  min=252.08µs mean=498.09µs median=492.41µs mad=58.72µs  |  throughput=131.57 Mpx/s  |  n=200 cv=16.0% rounds=200 calls=18 mean_ci=[487.46µs 509.79µs] cold=266.96µs
group=fwd_txfm/08x08_dct benchmark=native_simd  |  vs_base=baseline  |  min=119.61µs mean=198.13µs median=189.87µs mad=28.34µs  |  throughput=330.77 Mpx/s  |  n=30 cv=15.4% rounds=30 calls=26 mean_ci=[187.17µs 208.63µs] cold=100.71µs
group=fwd_txfm/08x08_dct benchmark=forced_scalar  |  vs_base_pct=+95.63 ci=[+86.57% +104.91%] significant=true effect=4.03 p=0.0000  |  min=223.77µs mean=387.61µs median=395.77µs mad=52.48µs  |  throughput=169.08 Mpx/s  |  n=30 cv=15.2% rounds=30 calls=26 mean_ci=[366.22µs 407.52µs] cold=190.42µs
group=fwd_txfm/08x08_adst benchmark=native_simd  |  vs_base=baseline  |  min=114.49µs mean=231.48µs median=230.78µs mad=40.42µs  |  throughput=283.12 Mpx/s  |  n=40 cv=20.6% rounds=40 calls=22 mean_ci=[216.57µs 245.68µs] cold=121.62µs
group=fwd_txfm/08x08_adst benchmark=forced_scalar  |  vs_base_pct=+84.58 ci=[+77.05% +92.45%] significant=true effect=2.86 p=0.0000  |  min=224.97µs mean=427.27µs median=434.77µs mad=79.40µs  |  throughput=153.38 Mpx/s  |  n=40 cv=19.7% rounds=40 calls=22 mean_ci=[400.97µs 452.61µs] cold=208.50µs
group=fwd_txfm/16x16_dct benchmark=native_simd  |  vs_base=baseline  |  min=84.68µs mean=155.26µs median=152.44µs mad=18.14µs  |  throughput=422.09 Mpx/s  |  n=30 cv=19.6% rounds=30 calls=25 mean_ci=[144.65µs 165.86µs] cold=73.21µs
group=fwd_txfm/16x16_dct benchmark=forced_scalar  |  vs_base_pct=+173.89 ci=[+160.68% +186.92%] significant=true effect=4.97 p=0.0000  |  min=244.17µs mean=425.25µs median=447.72µs mad=51.03µs  |  throughput=154.11 Mpx/s  |  n=30 cv=16.6% rounds=30 calls=25 mean_ci=[399.64µs 448.63µs] cold=181.00µs
group=fwd_txfm/16x16_adst benchmark=native_simd  |  vs_base=baseline  |  min=102.04µs mean=176.72µs median=171.72µs mad=21.73µs  |  throughput=370.84 Mpx/s  |  n=30 cv=18.0% rounds=30 calls=21 mean_ci=[165.34µs 187.96µs] cold=82.67µs
group=fwd_txfm/16x16_adst benchmark=forced_scalar  |  vs_base_pct=+191.98 ci=[+179.84% +203.53%] significant=true effect=5.93 p=0.0000  |  min=278.54µs mean=516.00µs median=533.28µs mad=52.46µs  |  throughput=127.01 Mpx/s  |  n=30 cv=14.4% rounds=30 calls=21 mean_ci=[488.20µs 539.77µs] cold=214.38µs
group=fwd_txfm/32x32_dct benchmark=native_simd  |  vs_base=baseline  |  min=78.54µs mean=138.96µs median=141.51µs mad=25.67µs  |  throughput=471.62 Mpx/s  |  n=30 cv=17.3% rounds=30 calls=26 mean_ci=[130.36µs 147.44µs] cold=64.88µs
group=fwd_txfm/32x32_dct benchmark=forced_scalar  |  vs_base_pct=+206.40 ci=[+190.96% +221.63%] significant=true effect=5.67 p=0.0000  |  min=231.62µs mean=425.78µs median=423.94µs mad=57.88µs  |  throughput=153.92 Mpx/s  |  n=30 cv=15.8% rounds=30 calls=26 mean_ci=[401.81µs 448.45µs] cold=171.92µs
group=fwd_txfm/64x64_dct benchmark=native_simd  |  vs_base=baseline  |  min=114.54µs mean=206.21µs median=209.53µs mad=43.50µs  |  throughput=317.81 Mpx/s  |  n=30 cv=17.9% rounds=30 calls=20 mean_ci=[193.19µs 218.99µs] cold=96.46µs
group=fwd_txfm/64x64_dct benchmark=forced_scalar  |  vs_base_pct=+168.23 ci=[+157.10% +179.09%] significant=true effect=6.00 p=0.0000  |  min=306.34µs mean=553.12µs median=560.92µs mad=41.56µs  |  throughput=118.48 Mpx/s  |  n=30 cv=13.2% rounds=30 calls=20 mean_ci=[525.91µs 576.63µs] cold=226.29µs
group=fwd_txfm/04x08_dct benchmark=native_simd  |  vs_base=baseline  |  min=230.12µs mean=431.61µs median=428.94µs mad=47.19µs  |  throughput=151.84 Mpx/s  |  n=200 cv=15.4% rounds=200 calls=21 mean_ci=[422.61µs 440.91µs] cold=220.92µs
group=fwd_txfm/04x08_dct benchmark=forced_scalar  |  vs_base_pct=+0.34 ci=[-1.97% +2.65%] significant=false effect=0.03 p=0.8291  |  min=239.75µs mean=431.08µs median=423.02µs mad=46.65µs  |  throughput=152.03 Mpx/s  |  n=200 cv=15.2% rounds=200 calls=21 mean_ci=[422.30µs 440.58µs] cold=221.21µs
group=fwd_txfm/04x08_adst benchmark=native_simd  |  vs_base=baseline  |  min=298.18µs mean=480.21µs median=472.08µs mad=53.29µs  |  throughput=136.47 Mpx/s  |  n=200 cv=14.9% rounds=200 calls=19 mean_ci=[470.74µs 490.54µs] cold=255.25µs
group=fwd_txfm/04x08_adst benchmark=forced_scalar  |  vs_base_pct=+0.89 ci=[-1.37% +3.17%] significant=false effect=0.07 p=0.4122  |  min=303.01µs mean=481.20µs median=478.48µs mad=53.03µs  |  throughput=136.19 Mpx/s  |  n=200 cv=13.8% rounds=200 calls=19 mean_ci=[472.38µs 490.51µs] cold=241.79µs
group=fwd_txfm/08x04_dct benchmark=native_simd  |  vs_base=baseline  |  min=162.32µs mean=338.54µs median=328.61µs mad=53.74µs  |  throughput=193.58 Mpx/s  |  n=170 cv=14.3% rounds=170 calls=21 mean_ci=[331.23µs 345.83µs] cold=158.25µs
group=fwd_txfm/08x04_dct benchmark=forced_scalar  |  vs_base_pct=+41.13 ci=[+38.00% +44.23%] significant=true effect=2.59 p=0.0000  |  min=236.13µs mean=484.59µs median=482.91µs mad=52.09µs  |  throughput=135.24 Mpx/s  |  n=170 cv=17.5% rounds=170 calls=21 mean_ci=[472.63µs 497.85µs] cold=236.42µs
group=fwd_txfm/08x04_adst benchmark=native_simd  |  vs_base=baseline  |  min=167.53µs mean=363.37µs median=355.70µs mad=51.60µs  |  throughput=180.36 Mpx/s  |  n=170 cv=15.2% rounds=170 calls=19 mean_ci=[354.94µs 371.40µs] cold=173.58µs
group=fwd_txfm/08x04_adst benchmark=forced_scalar  |  vs_base_pct=+39.18 ci=[+36.34% +42.00%] significant=true effect=2.22 p=0.0000  |  min=232.43µs mean=513.08µs median=510.60µs mad=59.29µs  |  throughput=127.73 Mpx/s  |  n=170 cv=19.7% rounds=170 calls=19 mean_ci=[498.85µs 528.91µs] cold=266.29µs
group=fwd_txfm/16x08_dct benchmark=native_simd  |  vs_base=baseline  |  min=102.97µs mean=175.33µs median=173.83µs mad=20.21µs  |  throughput=373.79 Mpx/s  |  n=30 cv=17.4% rounds=30 calls=24 mean_ci=[164.52µs 186.20µs] cold=76.33µs
group=fwd_txfm/16x08_dct benchmark=forced_scalar  |  vs_base_pct=+154.20 ci=[+142.97% +165.98%] significant=true effect=5.13 p=0.0000  |  min=254.44µs mean=445.69µs median=458.71µs mad=52.95µs  |  throughput=147.05 Mpx/s  |  n=30 cv=15.3% rounds=30 calls=24 mean_ci=[421.24µs 468.96µs] cold=189.96µs
group=fwd_txfm/16x08_adst benchmark=native_simd  |  vs_base=baseline  |  min=120.85µs mean=217.58µs median=215.08µs mad=35.96µs  |  throughput=301.21 Mpx/s  |  n=30 cv=18.5% rounds=30 calls=20 mean_ci=[203.28µs 231.72µs] cold=102.38µs
group=fwd_txfm/16x08_adst benchmark=forced_scalar  |  vs_base_pct=+149.48 ci=[+137.74% +161.24%] significant=true effect=5.01 p=0.0000  |  min=305.73µs mean=542.81µs median=556.25µs mad=57.39µs  |  throughput=120.74 Mpx/s  |  n=30 cv=15.2% rounds=30 calls=20 mean_ci=[512.48µs 569.87µs] cold=225.46µs
group=fwd_txfm/04x16_dct benchmark=native_simd  |  vs_base=baseline  |  min=196.16µs mean=348.10µs median=339.76µs mad=37.97µs  |  throughput=188.27 Mpx/s  |  n=200 cv=14.8% rounds=200 calls=26 mean_ci=[341.17µs 355.38µs] cold=180.71µs
group=fwd_txfm/04x16_dct benchmark=forced_scalar  |  vs_base_pct=+0.43 ci=[-1.85% +2.74%] significant=false effect=0.03 p=0.6585  |  min=190.07µs mean=349.16µs median=347.51µs mad=36.68µs  |  throughput=187.69 Mpx/s  |  n=200 cv=15.2% rounds=200 calls=26 mean_ci=[342.19µs 356.64µs] cold=179.50µs
group=fwd_txfm/04x16_adst benchmark=native_simd  |  vs_base=baseline  |  min=272.14µs mean=401.18µs median=386.55µs mad=46.21µs  |  throughput=163.36 Mpx/s  |  n=200 cv=12.5% rounds=200 calls=23 mean_ci=[394.48µs 408.35µs] cold=210.33µs
group=fwd_txfm/04x16_adst benchmark=forced_scalar  |  vs_base_pct=+0.35 ci=[-1.91% +2.61%] significant=false effect=0.03 p=0.9413  |  min=257.12µs mean=401.06µs median=398.37µs mad=42.37µs  |  throughput=163.41 Mpx/s  |  n=200 cv=12.7% rounds=200 calls=23 mean_ci=[394.30µs 408.36µs] cold=216.83µs
group=fwd_txfm/32x08_dct benchmark=native_simd  |  vs_base=baseline  |  min=101.45µs mean=171.24µs median=165.06µs mad=26.49µs  |  throughput=382.71 Mpx/s  |  n=30 cv=17.7% rounds=30 calls=25 mean_ci=[160.43µs 182.03µs] cold=82.25µs
group=fwd_txfm/32x08_dct benchmark=forced_scalar  |  vs_base_pct=+146.15 ci=[+134.58% +157.92%] significant=true effect=4.94 p=0.0000  |  min=242.99µs mean=421.51µs median=433.10µs mad=44.51µs  |  throughput=155.48 Mpx/s  |  n=30 cv=15.4% rounds=30 calls=25 mean_ci=[397.67µs 443.19µs] cold=196.71µs
