group=intra/v_04x04 benchmark=native_simd  |  vs_base=baseline  |  min=60.43µs mean=126.74µs median=129.52µs mad=9.33µs  |  throughput=517.11 Mpx/s  |  n=130 cv=9.7% rounds=130 calls=20 mean_ci=[124.54µs 128.81µs] cold=48.62µs
group=intra/v_04x04 benchmark=forced_scalar  |  vs_base_pct=-0.02 ci=[-0.72% +0.69%] significant=false effect=-0.00 p=0.9379  |  min=59.63µs mean=127.03µs median=130.40µs mad=8.39µs  |  throughput=515.92 Mpx/s  |  n=130 cv=9.6% rounds=130 calls=20 mean_ci=[124.81µs 129.00µs] cold=49.21µs
group=intra/v_16x16 benchmark=native_simd  |  vs_base=baseline  |  min=27.84µs mean=75.91µs median=80.44µs mad=2.69µs  |  throughput=863.37 Mpx/s  |  n=140 cv=15.3% rounds=140 calls=35 mean_ci=[73.90µs 77.75µs] cold=30.08µs
group=intra/v_16x16 benchmark=forced_scalar  |  vs_base_pct=-0.15 ci=[-0.74% +0.46%] significant=false effect=-0.01 p=0.9968  |  min=27.70µs mean=75.52µs median=80.42µs mad=3.68µs  |  throughput=867.84 Mpx/s  |  n=140 cv=14.5% rounds=140 calls=35 mean_ci=[73.63µs 77.26µs] cold=30.00µs
group=intra/v_32x32 benchmark=native_simd  |  vs_base=baseline  |  min=24.11µs mean=48.50µs median=49.32µs mad=4.58µs  |  throughput=1.35 Gpx/s  |  n=140 cv=10.7% rounds=140 calls=54 mean_ci=[47.61µs 49.32µs] cold=19.54µs
group=intra/v_32x32 benchmark=forced_scalar  |  vs_base_pct=-0.13 ci=[-0.48% +0.23%] significant=false effect=-0.01 p=0.3412  |  min=23.93µs mean=48.40µs median=48.90µs mad=5.29µs  |  throughput=1.35 Gpx/s  |  n=140 cv=10.4% rounds=140 calls=54 mean_ci=[47.53µs 49.21µs] cold=19.46µs
group=intra/h_04x04 benchmark=native_simd  |  vs_base=baseline  |  min=57.28µs mean=112.09µs median=112.11µs mad=24.07µs  |  throughput=584.70 Mpx/s  |  n=200 cv=14.9% rounds=200 calls=23 mean_ci=[109.79µs 114.33µs] cold=42.62µs
group=intra/h_04x04 benchmark=forced_scalar  |  vs_base_pct=+0.20 ci=[-0.24% +0.66%] significant=false effect=0.01 p=0.4706  |  min=58.77µs mean=113.55µs median=112.24µs mad=23.83µs  |  throughput=577.17 Mpx/s  |  n=200 cv=14.8% rounds=200 calls=23 mean_ci=[111.22µs 115.85µs] cold=42.67µs
group=intra/h_16x16 benchmark=native_simd  |  vs_base=baseline  |  min=44.90µs mean=85.84µs median=87.28µs mad=22.88µs  |  throughput=763.47 Mpx/s  |  n=200 cv=19.5% rounds=200 calls=29 mean_ci=[83.52µs 88.13µs] cold=33.79µs
group=intra/h_16x16 benchmark=forced_scalar  |  vs_base_pct=+0.02 ci=[-0.40% +0.44%] significant=false effect=0.00 p=0.9482  |  min=46.14µs mean=85.96µs median=87.38µs mad=22.64µs  |  throughput=762.37 Mpx/s  |  n=200 cv=18.8% rounds=200 calls=29 mean_ci=[83.75µs 88.19µs] cold=33.79µs
group=intra/h_32x32 benchmark=native_simd  |  vs_base=baseline  |  min=20.94µs mean=42.91µs median=43.98µs mad=9.72µs  |  throughput=1.53 Gpx/s  |  n=200 cv=18.8% rounds=200 calls=58 mean_ci=[41.78µs 44.03µs] cold=17.00µs
group=intra/h_32x32 benchmark=forced_scalar  |  vs_base_pct=-0.42 ci=[-0.81% -0.04%] significant=false effect=-0.02 p=0.1719  |  min=20.79µs mean=42.59µs median=44.20µs mad=9.85µs  |  throughput=1.54 Gpx/s  |  n=200 cv=19.1% rounds=200 calls=58 mean_ci=[41.43µs 43.70µs] cold=17.04µs
group=intra/paeth_04x04 benchmark=native_simd  |  vs_base=baseline  |  min=94.97µs mean=129.34µs median=127.50µs mad=10.40µs  |  throughput=506.70 Mpx/s  |  n=200 cv=8.0% rounds=200 calls=61 mean_ci=[127.91µs 130.76µs] cold=82.12µs
group=intra/paeth_04x04 benchmark=forced_scalar  |  vs_base_pct=+0.27 ci=[-1.38% +1.91%] significant=false effect=0.03 p=0.8457  |  min=88.37µs mean=129.69µs median=130.50µs mad=9.67µs  |  throughput=505.34 Mpx/s  |  n=200 cv=7.9% rounds=200 calls=61 mean_ci=[128.28µs 131.11µs] cold=83.29µs
group=intra/paeth_16x16 benchmark=native_simd  |  vs_base=baseline  |  min=74.83µs mean=102.13µs median=101.52µs mad=10.27µs  |  throughput=641.70 Mpx/s  |  n=200 cv=8.7% rounds=200 calls=79 mean_ci=[100.88µs 103.39µs] cold=61.29µs
group=intra/paeth_16x16 benchmark=forced_scalar  |  vs_base_pct=-0.11 ci=[-1.76% +1.55%] significant=false effect=-0.01 p=0.5254  |  min=70.48µs mean=102.01µs median=100.43µs mad=9.56µs  |  throughput=642.42 Mpx/s  |  n=200 cv=9.2% rounds=200 calls=79 mean_ci=[100.73µs 103.32µs] cold=64.75µs
group=intra/paeth_32x32 benchmark=native_simd  |  vs_base=baseline  |  min=42.32µs mean=103.21µs median=101.50µs mad=9.30µs  |  throughput=634.95 Mpx/s  |  n=200 cv=13.5% rounds=200 calls=28 mean_ci=[101.29µs 105.14µs] cold=33.12µs
group=intra/paeth_32x32 benchmark=forced_scalar  |  vs_base_pct=+0.18 ci=[-0.43% +0.79%] significant=false effect=0.01 p=0.4852  |  min=43.14µs mean=103.50µs median=101.98µs mad=9.77µs  |  throughput=633.20 Mpx/s  |  n=200 cv=14.5% rounds=200 calls=28 mean_ci=[101.48µs 105.61µs] cold=36.04µs
group=intra/smooth_04x04 benchmark=native_simd  |  vs_base=baseline  |  min=70.41µs mean=97.48µs median=95.97µs mad=12.11µs  |  throughput=672.30 Mpx/s  |  n=200 cv=13.0% rounds=200 calls=88 mean_ci=[95.71µs 99.26µs] cold=57.58µs
group=intra/smooth_04x04 benchmark=forced_scalar  |  vs_base_pct=-0.39 ci=[-2.36% +1.61%] significant=false effect=-0.03 p=0.3968  |  min=66.75µs mean=97.10µs median=96.19µs mad=7.82µs  |  throughput=674.94 Mpx/s  |  n=200 cv=11.0% rounds=200 calls=88 mean_ci=[95.62µs 98.61µs] cold=51.54µs
group=intra/smooth_16x16 benchmark=native_simd  |  vs_base=baseline  |  min=33.43µs mean=86.17µs median=87.01µs mad=15.28µs  |  throughput=760.57 Mpx/s  |  n=200 cv=16.9% rounds=200 calls=36 mean_ci=[84.12µs 88.13µs] cold=27.33µs
group=intra/smooth_16x16 benchmark=forced_scalar  |  vs_base_pct=-0.01 ci=[-1.08% +1.06%] significant=false effect=-0.00 p=0.9749  |  min=33.64µs mean=86.16µs median=87.09µs mad=14.78µs  |  throughput=760.67 Mpx/s  |  n=200 cv=17.1% rounds=200 calls=36 mean_ci=[84.11µs 88.18µs] cold=27.33µs
group=intra/smooth_32x32 benchmark=native_simd  |  vs_base=baseline  |  min=14.83µs mean=44.46µs median=45.05µs mad=8.05µs  |  throughput=1.47 Gpx/s  |  n=200 cv=20.1% rounds=200 calls=68 mean_ci=[43.22µs 45.71µs] cold=14.75µs
group=intra/smooth_32x32 benchmark=forced_scalar  |  vs_base_pct=-0.23 ci=[-1.10% +0.62%] significant=false effect=-0.01 p=0.8592  |  min=16.17µs mean=44.32µs median=45.58µs mad=8.43µs  |  throughput=1.48 Gpx/s  |  n=200 cv=19.6% rounds=200 calls=68 mean_ci=[43.10µs 45.50µs] cold=14.71µs
group=intra/smooth_v_04x04 benchmark=native_simd  |  vs_base=baseline  |  min=47.58µs mean=80.52µs median=81.20µs mad=6.41µs  |  throughput=813.87 Mpx/s  |  n=200 cv=10.6% rounds=200 calls=94 mean_ci=[79.35µs 81.70µs] cold=46.88µs
group=intra/smooth_v_04x04 benchmark=forced_scalar  |  vs_base_pct=+0.45 ci=[-1.15% +2.06%] significant=false effect=0.04 p=0.6208  |  min=46.71µs mean=80.89µs median=81.69µs mad=7.81µs  |  throughput=810.19 Mpx/s  |  n=200 cv=11.5% rounds=200 calls=94 mean_ci=[79.56µs 82.17µs] cold=53.54µs
group=intra/smooth_v_16x16 benchmark=native_simd  |  vs_base=baseline  |  min=28.92µs mean=74.11µs median=74.63µs mad=18.97µs  |  throughput=884.31 Mpx/s  |  n=30 cv=30.1% rounds=30 calls=29 mean_ci=[66.20µs 81.99µs] cold=33.71µs
group=intra/smooth_v_16x16 benchmark=forced_scalar  |  vs_base_pct=-0.51 ci=[-1.18% +0.10%] significant=false effect=-0.02 p=0.2326  |  min=29.55µs mean=73.79µs median=74.23µs mad=18.85µs  |  throughput=888.16 Mpx/s  |  n=30 cv=29.6% rounds=30 calls=29 mean_ci=[66.08µs 81.45µs] cold=33.54µs
group=intra/smooth_v_32x32 benchmark=native_simd  |  vs_base=baseline  |  min=19.90µs mean=54.04µs median=59.06µs mad=2.63µs  |  throughput=1.21 Gpx/s  |  n=180 cv=18.8% rounds=180 calls=46 mean_ci=[52.52µs 55.47µs] cold=19.83µs
group=intra/smooth_v_32x32 benchmark=forced_scalar  |  vs_base_pct=-0.02 ci=[-0.40% +0.34%] significant=false effect=-0.00 p=0.8870  |  min=19.87µs mean=54.05µs median=58.57µs mad=3.90µs  |  throughput=1.21 Gpx/s  |  n=180 cv=18.3% rounds=180 calls=46 mean_ci=[52.57µs 55.43µs] cold=22.17µs
