group=inv_txfm_u8/04x04_dct benchmark=native_simd  |  vs_base=baseline  |  min=345.81µs mean=634.17µs median=622.56µs mad=80.87µs  |  throughput=103.34 Mpx/s  |  n=200 cv=12.8% rounds=200 calls=14 mean_ci=[622.92µs 645.59µs] cold=346.33µs
group=inv_txfm_u8/04x04_dct benchmark=forced_scalar  |  vs_base_pct=+0.44 ci=[-1.81% +2.68%] significant=false effect=0.04 p=0.7524  |  min=324.80µs mean=636.99µs median=638.60µs mad=71.15µs  |  throughput=102.88 Mpx/s  |  n=200 cv=11.9% rounds=200 calls=14 mean_ci=[626.43µs 647.52µs] cold=342.04µs
group=inv_txfm_u8/04x04_adst benchmark=native_simd  |  vs_base=baseline  |  min=314.67µs mean=589.10µs median=587.74µs mad=61.30µs  |  throughput=111.25 Mpx/s  |  n=200 cv=11.6% rounds=200 calls=15 mean_ci=[579.69µs 598.65µs] cold=315.38µs
group=inv_txfm_u8/04x04_adst benchmark=forced_scalar  |  vs_base_pct=+0.39 ci=[-1.82% +2.54%] significant=false effect=0.03 p=0.8821  |  min=306.52µs mean=591.40µs median=590.55µs mad=63.71µs  |  throughput=110.81 Mpx/s  |  n=200 cv=12.1% rounds=200 calls=15 mean_ci=[581.40µs 601.29µs] cold=310.67µs
group=inv_txfm_u8/08x08_dct benchmark=native_simd  |  vs_base=baseline  |  min=127.04µs mean=280.56µs median=299.86µs mad=63.59µs  |  throughput=233.59 Mpx/s  |  n=40 cv=24.4% rounds=40 calls=16 mean_ci=[259.45µs 301.02µs] cold=139.29µs
group=inv_txfm_u8/08x08_dct benchmark=forced_scalar  |  vs_base_pct=+119.59 ci=[+109.79% +129.51%] significant=true effect=3.22 p=0.0000  |  min=291.28µs mean=616.09µs median=655.19µs mad=57.12µs  |  throughput=106.37 Mpx/s  |  n=40 cv=21.2% rounds=40 calls=16 mean_ci=[573.68µs 654.04µs] cold=290.46µs
group=inv_txfm_u8/08x08_adst benchmark=native_simd  |  vs_base=baseline  |  min=184.21µs mean=312.18µs median=308.41µs mad=38.20µs  |  throughput=209.93 Mpx/s  |  n=30 cv=16.4% rounds=30 calls=14 mean_ci=[294.15µs 330.22µs] cold=142.71µs
group=inv_txfm_u8/08x08_adst benchmark=forced_scalar  |  vs_base_pct=+143.69 ci=[+132.73% +154.45%] significant=true effect=5.59 p=0.0000  |  min=435.40µs mean=760.75µs median=777.67µs mad=54.97µs  |  throughput=86.15 Mpx/s  |  n=30 cv=13.3% rounds=30 calls=14 mean_ci=[722.71µs 794.55µs] cold=319.58µs
group=inv_txfm_u8/16x16_dct benchmark=native_simd  |  vs_base=baseline  |  min=73.36µs mean=131.79µs median=129.19µs mad=35.88µs  |  throughput=497.26 Mpx/s  |  n=30 cv=19.4% rounds=30 calls=18 mean_ci=[122.85µs 140.74µs] cold=52.75µs
group=inv_txfm_u8/16x16_dct benchmark=forced_scalar  |  vs_base_pct=+386.25 ci=[+368.68% +403.31%] significant=true effect=10.28 p=0.0000  |  min=339.68µs mean=640.42µs median=662.08µs mad=49.99µs  |  throughput=102.33 Mpx/s  |  n=30 cv=15.5% rounds=30 calls=18 mean_ci=[603.34µs 672.97µs] cold=251.58µs
group=inv_txfm_u8/16x16_adst benchmark=native_simd  |  vs_base=baseline  |  min=148.51µs mean=261.66µs median=266.09µs mad=52.02µs  |  throughput=250.47 Mpx/s  |  n=30 cv=18.6% rounds=30 calls=15 mean_ci=[244.30µs 278.69µs] cold=116.21µs
group=inv_txfm_u8/16x16_adst benchmark=forced_scalar  |  vs_base_pct=+172.36 ci=[+159.36% +185.07%] significant=true effect=5.15 p=0.0000  |  min=384.99µs mean=712.64µs median=733.66µs mad=75.90µs  |  throughput=91.96 Mpx/s  |  n=30 cv=16.0% rounds=30 calls=15 mean_ci=[670.85µs 750.70µs] cold=291.92µs
group=inv_txfm_u8/32x32_dct benchmark=native_simd  |  vs_base=baseline  |  min=75.82µs mean=138.43µs median=134.75µs mad=44.51µs  |  throughput=473.41 Mpx/s  |  n=30 cv=21.6% rounds=30 calls=15 mean_ci=[127.86µs 148.86µs] cold=56.17µs
group=inv_txfm_u8/32x32_dct benchmark=forced_scalar  |  vs_base_pct=+446.03 ci=[+421.07% +469.29%] significant=true effect=7.68 p=0.0000  |  min=384.49µs mean=754.91µs median=804.57µs mad=86.84µs  |  throughput=86.81 Mpx/s  |  n=30 cv=17.3% rounds=30 calls=15 mean_ci=[706.63µs 797.88µs] cold=295.21µs
group=inv_txfm_u8/64x64_dct benchmark=native_simd  |  vs_base=baseline  |  min=97.00µs mean=178.76µs median=176.05µs mad=32.59µs  |  throughput=366.62 Mpx/s  |  n=30 cv=16.8% rounds=30 calls=12 mean_ci=[167.92µs 188.96µs] cold=76.21µs
group=inv_txfm_u8/64x64_dct benchmark=forced_scalar  |  vs_base_pct=+434.31 ci=[+416.92% +450.33%] significant=true effect=12.61 p=0.0000  |  min=488.08µs mean=954.69µs median=980.53µs mad=81.33µs  |  throughput=68.65 Mpx/s  |  n=30 cv=14.6% rounds=30 calls=12 mean_ci=[901.92µs 999.31µs] cold=387.46µs
group=inv_txfm_u8/04x08_dct benchmark=native_simd  |  vs_base=baseline  |  min=218.35µs mean=420.68µs median=417.47µs mad=72.33µs  |  throughput=155.79 Mpx/s  |  n=80 cv=15.8% rounds=80 calls=16 mean_ci=[406.17µs 434.71µs] cold=195.08µs
group=inv_txfm_u8/04x08_dct benchmark=forced_scalar  |  vs_base_pct=+41.86 ci=[+37.76% +45.92%] significant=true effect=2.43 p=0.0000  |  min=341.41µs mean=596.77µs median=597.84µs mad=61.76µs  |  throughput=109.82 Mpx/s  |  n=80 cv=13.1% rounds=80 calls=16 mean_ci=[579.19µs 613.26µs] cold=292.67µs
group=inv_txfm_u8/04x08_adst benchmark=native_simd  |  vs_base=baseline  |  min=297.37µs mean=481.73µs median=470.91µs mad=59.08µs  |  throughput=136.04 Mpx/s  |  n=130 cv=12.7% rounds=130 calls=15 mean_ci=[471.44µs 492.22µs] cold=248.71µs
group=inv_txfm_u8/04x08_adst benchmark=forced_scalar  |  vs_base_pct=+31.83 ci=[+28.70% +34.83%] significant=true effect=2.29 p=0.0000  |  min=378.54µs mean=635.09µs median=639.24µs mad=80.34µs  |  throughput=103.19 Mpx/s  |  n=130 cv=11.4% rounds=130 calls=15 mean_ci=[622.41µs 647.33µs] cold=297.42µs
group=inv_txfm_u8/08x04_dct benchmark=native_simd  |  vs_base=baseline  |  min=210.24µs mean=406.44µs median=397.49µs mad=71.10µs  |  throughput=161.25 Mpx/s  |  n=70 cv=16.9% rounds=70 calls=15 mean_ci=[390.10µs 421.98µs] cold=187.79µs
group=inv_txfm_u8/08x04_dct benchmark=forced_scalar  |  vs_base_pct=+54.71 ci=[+49.75% +59.95%] significant=true effect=2.55 p=0.0000  |  min=322.12µs mean=628.82µs median=636.66µs mad=89.28µs  |  throughput=104.22 Mpx/s  |  n=70 cv=16.3% rounds=70 calls=15 mean_ci=[603.71µs 651.58µs] cold=299.04µs
group=inv_txfm_u8/08x04_adst benchmark=native_simd  |  vs_base=baseline  |  min=283.57µs mean=473.13µs median=461.78µs mad=75.29µs  |  throughput=138.52 Mpx/s  |  n=80 cv=13.0% rounds=80 calls=15 mean_ci=[459.64µs 486.41µs] cold=224.54µs
group=inv_txfm_u8/08x04_adst benchmark=forced_scalar  |  vs_base_pct=+46.97 ci=[+42.47% +51.48%] significant=true effect=3.21 p=0.0000  |  min=384.39µs mean=695.36µs median=710.94µs mad=72.13µs  |  throughput=94.25 Mpx/s  |  n=80 cv=11.0% rounds=80 calls=15 mean_ci=[678.25µs 711.53µs] cold=295.42µs
group=inv_txfm_u8/16x08_dct benchmark=native_simd  |  vs_base=baseline  |  min=105.46µs mean=183.88µs median=171.63µs mad=34.42µs  |  throughput=356.41 Mpx/s  |  n=30 cv=19.2% rounds=30 calls=17 mean_ci=[171.53µs 196.09µs] cold=82.71µs
group=inv_txfm_u8/16x08_dct benchmark=forced_scalar  |  vs_base_pct=+246.30 ci=[+230.05% +262.64%] significant=true effect=6.01 p=0.0000  |  min=361.26µs mean=636.76µs median=657.59µs mad=67.68µs  |  throughput=102.92 Mpx/s  |  n=30 cv=15.8% rounds=30 calls=17 mean_ci=[600.62µs 671.25µs] cold=268.46µs
group=inv_txfm_u8/16x08_adst benchmark=native_simd  |  vs_base=baseline  |  min=159.96µs mean=285.06µs median=287.48µs mad=57.79µs  |  throughput=229.90 Mpx/s  |  n=30 cv=16.9% rounds=30 calls=14 mean_ci=[267.83µs 301.75µs] cold=123.96µs
group=inv_txfm_u8/16x08_adst benchmark=forced_scalar  |  vs_base_pct=+169.83 ci=[+156.99% +182.59%] significant=true effect=5.69 p=0.0000  |  min=419.45µs mean=769.19µs median=770.19µs mad=91.77µs  |  throughput=85.20 Mpx/s  |  n=30 cv=14.3% rounds=30 calls=14 mean_ci=[728.55µs 805.52µs] cold=310.58µs
group=inv_txfm_u8/04x16_dct benchmark=native_simd  |  vs_base=baseline  |  min=193.58µs mean=330.59µs median=324.10µs mad=70.26µs  |  throughput=198.24 Mpx/s  |  n=40 cv=18.6% rounds=40 calls=17 mean_ci=[311.17µs 349.55µs] cold=158.33µs
group=inv_txfm_u8/04x16_dct benchmark=forced_scalar  |  vs_base_pct=+64.03 ci=[+58.18% +70.21%] significant=true effect=2.77 p=0.0000  |  min=340.19µs mean=542.26µs median=553.48µs mad=90.11µs  |  throughput=120.86 Mpx/s  |  n=40 cv=16.4% rounds=40 calls=17 mean_ci=[513.97µs 568.85µs] cold=269.50µs
group=inv_txfm_u8/04x16_adst benchmark=native_simd  |  vs_base=baseline  |  min=265.68µs mean=420.77µs median=413.39µs mad=55.60µs  |  throughput=155.75 Mpx/s  |  n=90 cv=12.1% rounds=90 calls=17 mean_ci=[410.44µs 431.25µs] cold=216.08µs
group=inv_txfm_u8/04x16_adst benchmark=forced_scalar  |  vs_base_pct=+40.08 ci=[+36.24% +44.03%] significant=true effect=2.96 p=0.0000  |  min=350.15µs mean=589.42µs median=584.33µs mad=71.50µs  |  throughput=111.19 Mpx/s  |  n=90 cv=10.6% rounds=90 calls=17 mean_ci=[576.66µs 602.11µs] cold=271.04µs
group=inv_txfm_u8/32x08_dct benchmark=native_simd  |  vs_base=baseline  |  min=86.10µs mean=191.96µs median=183.86µs mad=81.18µs  |  throughput=341.40 Mpx/s  |  n=30 cv=28.0% rounds=30 calls=16 mean_ci=[172.82µs 210.65µs] cold=101.83µs
group=inv_txfm_u8/32x08_dct benchmark=forced_scalar  |  vs_base_pct=+228.29 ci=[+214.36% +240.80%] significant=true effect=6.23 p=0.0000  |  min=288.73µs mean=631.43µs median=688.96µs mad=64.99µs  |  throughput=103.79 Mpx/s  |  n=30 cv=22.9% rounds=30 calls=16 mean_ci=[577.54µs 678.72µs] cold=286.67µs
